[18:19:50] Generando mapa de Salta
[18:19:50] OSMnx no está instalado; la capa de red vial será omitida.
[18:19:50] Mapa generado correctamente.
[18:22:02] Generando mapa de Salta
[18:22:02] OSMnx no está instalado; la capa de red vial será omitida.
[18:22:02] Mapa generado correctamente.
[18:23:46] Generando mapa de Salta
[18:23:46] OSMnx no está instalado; la capa de red vial será omitida.
[18:23:46] Mapa generado correctamente.
[18:29:33] Generando mapa de Salta
[18:29:33] OSMnx no está instalado; la capa de red vial será omitida.
[18:29:33] Mapa generado correctamente.
[18:37:10] Generando mapa de Prueba
[18:37:10] OSMnx no está instalado; la capa de red vial será omitida.
[18:37:10] Mapa generado correctamente.
[18:46:19] Generando mapa de Salta
[18:46:19] OSMnx no está instalado; la capa de red vial será omitida.
[18:46:19] Mapa generado correctamente.
[18:50:03] Generando mapa de Salta
[18:50:03] OSMnx no está instalado; la capa de red vial será omitida.
[18:50:03] Mapa generado correctamente.
[18:55:33] Generando mapa de Incendio prueba
[18:55:33] OSMnx no está instalado; la capa de red vial será omitida.
[18:55:33] Mapa generado correctamente.
[19:04:23] Generando mapa de Prueba GUI
[19:04:23] OSMnx no está instalado; la capa de red vial será omitida.
[19:04:23] Mapa generado correctamente.
[19:08:15] Generando mapa de Prueba GUI
[19:08:15] OSMnx no está instalado; la capa de red vial será omitida.
[19:08:15] Mapa generado correctamente.
[19:09:11] Generando mapa de Prueba
[19:09:11] OSMnx no está instalado; la capa de red vial será omitida.
[19:09:11] Mapa generado correctamente.
[19:14:08] Generando mapa de Incendio prueba
[19:14:08] OSMnx no está instalado; la capa de red vial será omitida.
[19:14:08] Mapa generado correctamente.
[19:21:15] Generando mapa de Prueba 1
[19:21:15] OSMnx no está instalado; la capa de red vial será omitida.
[19:21:15] Mapa generado correctamente.
[19:21:31] Generando mapa de Prueba 1
[19:21:31] OSMnx no está instalado; la capa de red vial será omitida.
[19:21:31] Mapa generado correctamente.
[19:22:03] Generando mapa de Prueba 1
[19:22:03] OSMnx no está instalado; la capa de red vial será omitida.
[19:22:03] Mapa generado correctamente.
[19:22:52] Generando mapa de Prueba 1
[19:22:52] OSMnx no está instalado; la capa de red vial será omitida.
[19:22:52] Mapa generado correctamente.
[19:28:14] Generando mapa de Ruta Test
[19:28:14] OSMnx no está instalado; la capa de red vial será omitida.
[19:28:14] Mapa generado correctamente.
[19:29:45] Generando mapa de Ruta Test
[19:29:45] OSMnx no está instalado; la capa de red vial será omitida.
[19:29:45] Mapa generado correctamente.
[19:34:37] Generando mapa de WindCheck
[19:34:37] OSMnx no está instalado; la capa de red vial será omitida.
[19:34:37] Mapa generado correctamente.
[19:38:27] Generando mapa de WindBlueCheck
[19:38:27] OSMnx no está instalado; la capa de red vial será omitida.
[19:38:27] Mapa generado correctamente.
[19:41:49] Generando mapa de Utah
[19:41:49] OSMnx no está instalado; la capa de red vial será omitida.
[19:41:49] Mapa generado correctamente.
[20:06:51] Generando mapa de Utah
[20:06:51] Descargando red vial desde OpenStreetMap...
[20:06:56] Convirtiendo datos...
[20:06:56] 210 caminos procesados.
[21:23:33] Generando mapa de Incendio prueba
[21:23:33] Descargando red vial desde OpenStreetMap...
[21:23:51] Convirtiendo datos...
[21:23:56] 62551 caminos procesados.
[21:26:25] Generando mapa de Incendio prueba
[21:26:25] Descargando red vial desde OpenStreetMap...
[21:26:35] Convirtiendo datos...
[21:26:41] 62551 caminos procesados.
[21:26:42] Mapa generado correctamente.
[21:35:56] Generando mapa de Incendio prueba
[21:35:56] Descargando red vial desde OpenStreetMap...
[21:36:06] Convirtiendo datos...
[21:36:12] 62551 caminos procesados.
[21:36:12] Mapa generado correctamente.
[21:42:10] Generando mapa de Incendio prueba
[21:42:10] Descargando red vial desde OpenStreetMap...
[21:42:21] Convirtiendo datos...
[21:42:27] 62551 caminos procesados.
[21:42:27] Mapa generado correctamente.
[22:10:06] Generando mapa de Incendio prueba
[22:10:06] Descargando red vial desde OpenStreetMap...
[22:10:16] Convirtiendo datos...
[22:10:22] 62551 caminos procesados.
[22:10:23] Mapa generado correctamente.
[22:12:38] Generando mapa de prueba
[22:12:38] Descargando red vial desde OpenStreetMap...
[22:12:38] Convirtiendo datos...
[22:12:38] 210 caminos procesados.
[22:12:38] Mapa generado correctamente.
[22:29:10] Generando mapa de Incendio prueba
[22:29:10] Descargando red vial desde OpenStreetMap...
[22:29:22] Convirtiendo datos...
[22:29:28] 62551 caminos procesados.
[22:29:29] Mapa generado correctamente.
[22:30:28] Generando mapa de Incendio prueba
[22:30:28] Descargando red vial desde OpenStreetMap...
[22:30:39] Convirtiendo datos...
[22:30:45] 62551 caminos procesados.
[22:30:46] Mapa generado correctamente.
[22:31:39] Generando mapa de Incendio prueba
[22:31:39] Descargando red vial desde OpenStreetMap...
[22:31:49] Convirtiendo datos...
[22:31:55] 62551 caminos procesados.
[22:31:56] Mapa generado correctamente.
