[12:36:32] Generando mapa de Cañada
[12:36:32] Descargando red vial desde OpenStreetMap...
[12:36:36] Convirtiendo datos...
[12:36:36] 1337 caminos procesados.
[12:36:36] Mapa generado correctamente.
[13:51:24] Generando mapa de Cañada
[13:51:24] Descargando red vial desde OpenStreetMap...
[13:51:24] Convirtiendo datos...
[13:51:24] 1337 caminos procesados.
[13:51:24] Mapa generado correctamente.
[13:55:50] Generando mapa de Cañada
[13:55:50] Descargando red vial desde OpenStreetMap...
[13:55:51] Convirtiendo datos...
[13:55:51] 1337 caminos procesados.
[13:55:51] Mapa generado correctamente.
[14:00:36] Generando mapa de Cañada
[14:00:36] Descargando red vial desde OpenStreetMap...
[14:00:36] Convirtiendo datos...
[14:00:36] 1337 caminos procesados.
[14:00:36] Mapa generado correctamente.
